<html>
<body>
<pre>
<h1>礦ision Build Log</h1>
<h2>Tool Versions:</h2>
IDE-Version: μVision V5.38.0.0
Copyright (C) 2022 ARM Ltd and ARM Germany GmbH. All rights reserved.
License Information: 1 8613228260912, 2, LIC=EXJT4-FTBJI-FW02N-YVFPT-YNS0F-5KAIQ
 
Tool Versions:
Toolchain:       MDK-ARM Plus  Version: 5.38.0.0
Toolchain Path:  D:\diansai\Keil5\ARM\ARMCC\Bin
C Compiler:      Armcc.exe V5.06 update 7 (build 960)
Assembler:       Armasm.exe V5.06 update 7 (build 960)
Linker/Locator:  ArmLink.exe V5.06 update 7 (build 960)
Library Manager: ArmAr.exe V5.06 update 7 (build 960)
Hex Converter:   FromElf.exe V5.06 update 7 (build 960)
CPU DLL:         SARMCM3.DLL V5.38.0.0
Dialog DLL:      DARMSTM.DLL V1.69.1.0
Target DLL:      STLink\ST-LINKIII-KEIL_SWO.dll V3.1.0.0
Dialog DLL:      TARMSTM.DLL V1.67.1.0
 
<h2>Project:</h2>
D:\学习\实验2-学生用程序--汽车电子实时操作系统--难度版\USER\UCOSII-1.uvprojx
Project File Date:  10/17/2023

<h2>Output:</h2>
*** Using Compiler 'V5.06 update 7 (build 960)', folder: 'D:\diansai\Keil5\ARM\ARMCC\Bin'
Build target 'UCOSII-1'
assembling startup_stm32f10x_hd.s...
compiling led.c...
compiling system_stm32f10x.c...
compiling core_cm3.c...
compiling main.c...
compiling stm32f10x_it.c...
compiling misc.c...
compiling stm32f10x_dbgmcu.c...
compiling key.c...
compiling stm32f10x_rcc.c...
compiling stm32f10x_gpio.c...
compiling delay.c...
compiling usart.c...
compiling sys.c...
compiling lcd.c...
compiling stm32f10x_usart.c...
assembling os_cpu_a.asm...
compiling stm32f10x_fsmc.c...
compiling os_core.c...
compiling os_mbox.c...
compiling os_flag.c...
compiling os_mem.c...
compiling os_mutex.c...
compiling os_q.c...
compiling os_sem.c...
compiling os_tmr.c...
compiling os_time.c...
compiling os_task.c...
compiling os_cpu_c.c...
linking...
Program Size: Code=25336 RO-data=6672 RW-data=120 ZI-data=9416  
FromELF: creating hex file...
"..\OBJ\UCOSII-1.axf" - 0 Error(s), 0 Warning(s).

<h2>Software Packages used:</h2>

Package Vendor: Keil
                http://www.keil.com/pack/Keil.STM32F1xx_DFP.2.4.0.pack
                Keil.STM32F1xx_DFP.2.4.0
                STMicroelectronics STM32F1 Series Device Support, Drivers and Examples

<h2>Collection of Component include folders:</h2>
  D:/diansai/Keil5/ARM/Pack/Keil/STM32F1xx_DFP/2.4.0/Device/Include

<h2>Collection of Component Files used:</h2>
Build Time Elapsed:  00:00:04
</pre>
</body>
</html>
