******************************************************************************
             TMS320C2000 Linker PC v22.6.0                     
******************************************************************************
>> Linked Tue Dec 12 09:01:42 2023

OUTPUT FILE NAME:   <DSP2812_ClassJob.out>
ENTRY POINT SYMBOL: "_c_int00"  address: 003f835c


MEMORY CONFIGURATION

         name            origin    length      used     unused   attr    fill
----------------------  --------  ---------  --------  --------  ----  --------
PAGE 0:
  PRAMH0                003f8000   00001000  000004dc  00000b24  RWIX

PAGE 1:
  RAMM0                 00000000   00000400  00000000  00000400  RWIX
  RAMM1                 00000400   00000400  00000400  00000000  RWIX
  DEV_EMU               00000880   00000180  000000d6  000000aa  RWIX
  FLASH_REGS            00000a80   00000060  00000008  00000058  RWIX
  CSM                   00000ae0   00000010  00000010  00000000  RWIX
  XINTF                 00000b20   00000020  00000020  00000000  RWIX
  CPU_TIMER0            00000c00   00000008  00000008  00000000  RWIX
  CPU_TIMER1            00000c08   00000008  00000008  00000000  RWIX
  CPU_TIMER2            00000c10   00000008  00000008  00000000  RWIX
  PIE_CTRL              00000ce0   00000020  0000001a  00000006  RWIX
  PIE_VECT              00000d00   00000100  00000100  00000000  RWIX
  ECAN_A                00006000   00000100  00000034  000000cc  RWIX
  ECAN_AMBOX            00006100   00000100  00000100  00000000  RWIX
  SYSTEM                00007010   00000020  00000020  00000000  RWIX
  SPI_A                 00007040   00000010  00000010  00000000  RWIX
  SCI_A                 00007050   00000010  00000010  00000000  RWIX
  XINTRUPT              00007070   00000010  00000010  00000000  RWIX
  GPIOMUX               000070c0   00000020  00000020  00000000  RWIX
  GPIODAT               000070e0   00000020  00000020  00000000  RWIX
  ADC                   00007100   00000020  0000001a  00000006  RWIX
  EV_A                  00007400   00000040  00000032  0000000e  RWIX
  EV_B                  00007500   00000040  00000032  0000000e  RWIX
  SPI_B                 00007740   00000010  00000000  00000010  RWIX
  SCI_B                 00007750   00000010  00000010  00000000  RWIX
  MCBSP_A               00007800   00000040  00000025  0000001b  RWIX
  CSM_PWL               003f7ff8   00000008  00000008  00000000  RWIX
  DRAMH0                003f9000   00001000  00000124  00000edc  RWIX


SECTION ALLOCATION MAP

 output                                  attributes/
section   page    origin      length       input sections
--------  ----  ----------  ----------   ----------------
.text      0    003f8000    000004bb     
                  003f8000    00000158     DSP28_DefaultIsr.obj (.text:retain)
                  003f8158    0000012e     main.obj (.text)
                  003f8286    0000007c     DSP28_CpuTimers.obj (.text)
                  003f8302    0000005a     rts2800_ml.lib : fs_mpy28.asm.obj (.text)
                  003f835c    00000054                    : boot28.asm.obj (.text)
                  003f83b0    00000029                    : exit.c.obj (.text)
                  003f83d9    00000029                    : fs_tol28.asm.obj (.text)
                  003f8402    00000024                    : cpy_tbl.c.obj (.text)
                  003f8426    00000021     DSP28_PieCtrl.obj (.text)
                  003f8447    00000020     DSP28_PieVect.obj (.text)
                  003f8467    0000001d     rts2800_ml.lib : memcpy.c.obj (.text)
                  003f8484    0000001a     DSP28_SysCtrl.obj (.text)
                  003f849e    00000011     rts2800_ml.lib : args_main.c.obj (.text)
                  003f84af    00000009                    : _lock.c.obj (.text)
                  003f84b8    00000002                    : pre_init.c.obj (.text)
                  003f84ba    00000001                    : startup.c.obj (.text)

.cinit     0    003f84bb    0000001f     
                  003f84bb    0000000e     rts2800_ml.lib : exit.c.obj (.cinit)
                  003f84c9    00000005                    : _lock.c.obj (.cinit:__lock)
                  003f84ce    00000005                    : _lock.c.obj (.cinit:__unlock)
                  003f84d3    00000005     main.obj (.cinit)
                  003f84d8    00000002     --HOLE-- [fill = 0]

.reset     0    003f84da    00000002     
                  003f84da    00000002     rts2800_ml.lib : boot28.asm.obj (.reset)

.stack     1    00000400    00000400     UNINITIALIZED
                  00000400    00000400     --HOLE--

.bss       1    003f9000    00000000     UNINITIALIZED

.ebss      1    003f9100    00000024     UNINITIALIZED
                  003f9100    00000018     DSP28_CpuTimers.obj (.ebss)
                  003f9118    00000006     rts2800_ml.lib : exit.c.obj (.ebss)
                  003f911e    00000002                    : _lock.c.obj (.ebss:__lock)
                  003f9120    00000002                    : _lock.c.obj (.ebss:__unlock)
                  003f9122    00000002     main.obj (.ebss)

.econst    1    003f9000    00000100     
                  003f9000    00000100     DSP28_PieVect.obj (.econst:_PieVectTableInit)

DevEmuRegsFile 
*          1    00000880    000000d6     UNINITIALIZED
                  00000880    000000d6     DSP28_GlobalVariableDefs.obj (DevEmuRegsFile)

FlashRegsFile 
*          1    00000a80    00000008     UNINITIALIZED
                  00000a80    00000008     DSP28_GlobalVariableDefs.obj (FlashRegsFile)

CsmRegsFile 
*          1    00000ae0    00000010     UNINITIALIZED
                  00000ae0    00000010     DSP28_GlobalVariableDefs.obj (CsmRegsFile)

XintfRegsFile 
*          1    00000b20    00000020     UNINITIALIZED
                  00000b20    00000020     DSP28_GlobalVariableDefs.obj (XintfRegsFile)

CpuTimer0RegsFile 
*          1    00000c00    00000008     UNINITIALIZED
                  00000c00    00000008     DSP28_GlobalVariableDefs.obj (CpuTimer0RegsFile)

CpuTimer1RegsFile 
*          1    00000c08    00000008     UNINITIALIZED
                  00000c08    00000008     DSP28_GlobalVariableDefs.obj (CpuTimer1RegsFile)

CpuTimer2RegsFile 
*          1    00000c10    00000008     UNINITIALIZED
                  00000c10    00000008     DSP28_GlobalVariableDefs.obj (CpuTimer2RegsFile)

PieCtrlRegsFile 
*          1    00000ce0    0000001a     UNINITIALIZED
                  00000ce0    0000001a     DSP28_GlobalVariableDefs.obj (PieCtrlRegsFile)

PieVectTable 
*          1    00000d00    00000100     UNINITIALIZED
                  00000d00    00000100     DSP28_GlobalVariableDefs.obj (PieVectTable)

ECanaRegsFile 
*          1    00006000    00000034     UNINITIALIZED
                  00006000    00000034     DSP28_GlobalVariableDefs.obj (ECanaRegsFile)

ECanaMboxesFile 
*          1    00006100    00000100     UNINITIALIZED
                  00006100    00000100     DSP28_GlobalVariableDefs.obj (ECanaMboxesFile)

SysCtrlRegsFile 
*          1    00007010    00000020     UNINITIALIZED
                  00007010    00000020     DSP28_GlobalVariableDefs.obj (SysCtrlRegsFile)

SpiaRegsFile 
*          1    00007040    00000010     UNINITIALIZED
                  00007040    00000010     DSP28_GlobalVariableDefs.obj (SpiaRegsFile)

SciaRegsFile 
*          1    00007050    00000010     UNINITIALIZED
                  00007050    00000010     DSP28_GlobalVariableDefs.obj (SciaRegsFile)

XIntruptRegsFile 
*          1    00007070    00000010     UNINITIALIZED
                  00007070    00000010     DSP28_GlobalVariableDefs.obj (XIntruptRegsFile)

GpioMuxRegsFile 
*          1    000070c0    00000020     UNINITIALIZED
                  000070c0    00000020     DSP28_GlobalVariableDefs.obj (GpioMuxRegsFile)

GpioDataRegsFile 
*          1    000070e0    00000020     UNINITIALIZED
                  000070e0    00000020     DSP28_GlobalVariableDefs.obj (GpioDataRegsFile)

AdcRegsFile 
*          1    00007100    0000001a     UNINITIALIZED
                  00007100    0000001a     DSP28_GlobalVariableDefs.obj (AdcRegsFile)

EvaRegsFile 
*          1    00007400    00000032     UNINITIALIZED
                  00007400    00000032     DSP28_GlobalVariableDefs.obj (EvaRegsFile)

EvbRegsFile 
*          1    00007500    00000032     UNINITIALIZED
                  00007500    00000032     DSP28_GlobalVariableDefs.obj (EvbRegsFile)

ScibRegsFile 
*          1    00007750    00000010     UNINITIALIZED
                  00007750    00000010     DSP28_GlobalVariableDefs.obj (ScibRegsFile)

McbspaRegsFile 
*          1    00007800    00000025     UNINITIALIZED
                  00007800    00000025     DSP28_GlobalVariableDefs.obj (McbspaRegsFile)

CsmPwlFile 
*          1    003f7ff8    00000008     UNINITIALIZED
                  003f7ff8    00000008     DSP28_GlobalVariableDefs.obj (CsmPwlFile)

MODULE SUMMARY

       Module                         code   initialized data   uninitialized data
       ------                         ----   ----------------   ------------------
    .\
       main.obj                       302    5                  2                 
    +--+------------------------------+------+------------------+--------------------+
       Total:                         302    5                  2                 
                                                                                  
    .\src\
       DSP28_GlobalVariableDefs.obj   0      0                  1215              
       DSP28_DefaultIsr.obj           344    0                  0                 
       DSP28_PieVect.obj              32     256                0                 
       DSP28_CpuTimers.obj            124    0                  24                
       DSP28_PieCtrl.obj              33     0                  0                 
       DSP28_SysCtrl.obj              26     0                  0                 
    +--+------------------------------+------+------------------+--------------------+
       Total:                         559    256                1239              
                                                                                  
    D:\diansai\CCS12.3\ccs\tools\compiler\ti-cgt-c2000_22.6.0.LTS\lib\rts2800_ml.lib
       fs_mpy28.asm.obj               90     0                  0                 
       boot28.asm.obj                 84     2                  0                 
       exit.c.obj                     41     14                 6                 
       fs_tol28.asm.obj               41     0                  0                 
       cpy_tbl.c.obj                  36     0                  0                 
       memcpy.c.obj                   29     0                  0                 
       _lock.c.obj                    9      10                 4                 
       args_main.c.obj                17     0                  0                 
       pre_init.c.obj                 2      0                  0                 
       startup.c.obj                  1      0                  0                 
    +--+------------------------------+------+------------------+--------------------+
       Total:                         350    26                 10                
                                                                                  
       Stack:                         0      0                  1024              
    +--+------------------------------+------+------------------+--------------------+
       Grand Total:                   1211   287                2275              


GLOBAL DATA SYMBOLS: SORTED BY DATA PAGE

address     data page           name
--------    ----------------    ----
00000400      10 (00000400)     __stack

00000880      22 (00000880)     _DevEmuRegs

00000a80      2a (00000a80)     _FlashRegs

00000ae0      2b (00000ac0)     _CsmRegs

00000b20      2c (00000b00)     _XintfRegs

00000c00      30 (00000c00)     _CpuTimer0Regs
00000c08      30 (00000c00)     _CpuTimer1Regs
00000c10      30 (00000c00)     _CpuTimer2Regs

00000ce0      33 (00000cc0)     _PieCtrl

00000d00      34 (00000d00)     _PieVectTable

00006000     180 (00006000)     _ECanaRegs

00006100     184 (00006100)     _ECanaMboxes

00007010     1c0 (00007000)     _SysCtrlRegs

00007040     1c1 (00007040)     _SpiaRegs
00007050     1c1 (00007040)     _SciaRegs
00007070     1c1 (00007040)     _XIntruptRegs

000070c0     1c3 (000070c0)     _GpioMuxRegs
000070e0     1c3 (000070c0)     _GpioDataRegs

00007100     1c4 (00007100)     _AdcRegs

00007400     1d0 (00007400)     _EvaRegs

00007500     1d4 (00007500)     _EvbRegs

00007750     1dd (00007740)     _ScibRegs

00007800     1e0 (00007800)     _McbspaRegs

003f7ff8    fdff (003f7fc0)     _CsmPwl

003f9000    fe40 (003f9000)     _PieVectTableInit

003f9100    fe44 (003f9100)     _CpuTimer0
003f9108    fe44 (003f9100)     _CpuTimer1
003f9110    fe44 (003f9100)     _CpuTimer2
003f9118    fe44 (003f9100)     ___TI_enable_exit_profile_output
003f911a    fe44 (003f9100)     ___TI_cleanup_ptr
003f911c    fe44 (003f9100)     ___TI_dtors_ptr
003f911e    fe44 (003f9100)     __lock
003f9120    fe44 (003f9100)     __unlock
003f9122    fe44 (003f9100)     _delay_count


GLOBAL SYMBOLS: SORTED ALPHABETICALLY BY Name 

page  address   name                            
----  -------   ----                            
1     003f9000  .bss                            
0     003f8000  .text                           
0     003f83b0  C$$EXIT                         
0     003f8302  FS$$MPY                         
0     003f83d9  FS$$TOL                         
0     003f8069  _ADCINT_ISR                     
1     00007100  _AdcRegs                        
0     003f80c2  _CAPINT1_ISR                    
0     003f80c7  _CAPINT2_ISR                    
0     003f80cc  _CAPINT3_ISR                    
0     003f810d  _CAPINT4_ISR                    
0     003f8112  _CAPINT5_ISR                    
0     003f8117  _CAPINT6_ISR                    
0     003f808b  _CMP1INT_ISR                    
0     003f8090  _CMP2INT_ISR                    
0     003f8095  _CMP3INT_ISR                    
0     003f80d6  _CMP4INT_ISR                    
0     003f80db  _CMP5INT_ISR                    
0     003f80e0  _CMP6INT_ISR                    
0     003f82c1  _ConfigCpuTimer                 
1     003f9100  _CpuTimer0                      
1     00000c00  _CpuTimer0Regs                  
1     003f9108  _CpuTimer1                      
1     00000c08  _CpuTimer1Regs                  
1     003f9110  _CpuTimer2                      
1     00000c10  _CpuTimer2Regs                  
1     003f7ff8  _CsmPwl                         
1     00000ae0  _CsmRegs                        
0     003f8019  _DATALOG_ISR                    
1     00000880  _DevEmuRegs                     
0     003f8144  _ECAN0INTA_ISR                  
0     003f8149  _ECAN1INTA_ISR                  
1     00006100  _ECanaMboxes                    
1     00006000  _ECanaRegs                      
0     003f8023  _EMUINT_ISR                     
1     00007400  _EvaRegs                        
1     00007500  _EvbRegs                        
1     00000a80  _FlashRegs                      
1     000070e0  _GpioDataRegs                   
1     000070c0  _GpioMuxRegs                    
0     003f8028  _ILLEGAL_ISR                    
0     003f8000  _INT13_ISR                      
0     003f8005  _INT14_ISR                      
0     003f8286  _InitCpuTimers                  
0     003f8426  _InitPieCtrl                    
0     003f8447  _InitPieVectTable               
0     003f8484  _InitSysCtrl                    
0     003f811c  _MRINTA_ISR                     
0     003f8121  _MXINTA_ISR                     
1     00007800  _McbspaRegs                     
0     003f800a  _NMI_ISR                        
0     003f8086  _PDPINTA_ISR                    
0     003f80d1  _PDPINTB_ISR                    
0     003f814e  _PIE_RESERVED                   
1     00000ce0  _PieCtrl                        
1     00000d00  _PieVectTable                   
1     003f9000  _PieVectTableInit               
0     003f801e  _RTOSINT_ISR                    
0     003f8130  _SCIRXINTA_ISR                  
0     003f813a  _SCIRXINTB_ISR                  
0     003f8135  _SCITXINTA_ISR                  
0     003f813f  _SCITXINTB_ISR                  
0     003f8126  _SPIRXINTA_ISR                  
0     003f812b  _SPITXINTA_ISR                  
1     00007050  _SciaRegs                       
1     00007750  _ScibRegs                       
1     00007040  _SpiaRegs                       
1     00007010  _SysCtrlRegs                    
0     003f809f  _T1CINT_ISR                     
0     003f80a9  _T1OFINT_ISR                    
0     003f809a  _T1PINT_ISR                     
0     003f80a4  _T1UFINT_ISR                    
0     003f80b3  _T2CINT_ISR                     
0     003f80bd  _T2OFINT_ISR                    
0     003f80ae  _T2PINT_ISR                     
0     003f80b8  _T2UFINT_ISR                    
0     003f80ea  _T3CINT_ISR                     
0     003f80f4  _T3OFINT_ISR                    
0     003f80e5  _T3PINT_ISR                     
0     003f80ef  _T3UFINT_ISR                    
0     003f80fe  _T4CINT_ISR                     
0     003f8108  _T4OFINT_ISR                    
0     003f80f9  _T4PINT_ISR                     
0     003f8103  _T4UFINT_ISR                    
0     003f806e  _TINT0_ISR                      
0     003f802d  _USER0_ISR                      
0     003f805f  _USER10_ISR                     
0     003f8064  _USER11_ISR                     
0     003f8032  _USER1_ISR                      
0     003f8037  _USER2_ISR                      
0     003f803c  _USER3_ISR                      
0     003f8041  _USER4_ISR                      
0     003f8046  _USER5_ISR                      
0     003f804b  _USER6_ISR                      
0     003f8050  _USER7_ISR                      
0     003f8055  _USER8_ISR                      
0     003f805a  _USER9_ISR                      
0     003f8081  _WAKEINT_ISR                    
0     003f800f  _XINT1_ISR                      
0     003f8014  _XINT2_ISR                      
1     00007070  _XIntruptRegs                   
1     00000b20  _XintfRegs                      
1     00000800  __STACK_END                     
abs   00000400  __STACK_SIZE                    
1     003f911a  ___TI_cleanup_ptr               
1     003f911c  ___TI_dtors_ptr                 
1     003f9118  ___TI_enable_exit_profile_output
abs   ffffffff  ___TI_pprof_out_hndl            
abs   ffffffff  ___TI_prof_data_size            
abs   ffffffff  ___TI_prof_data_start           
abs   ffffffff  ___binit__                      
1     003f9000  ___bss__                        
abs   ffffffff  ___c_args__                     
0     003f84bb  ___cinit__                      
1     003f9000  ___end__                        
0     003f84bb  ___etext__                      
abs   ffffffff  ___pinit__                      
0     003f8000  ___text__                       
0     003f849e  __args_main                     
1     003f911e  __lock                          
0     003f84b7  __nop                           
0     003f84b3  __register_lock                 
0     003f84af  __register_unlock               
1     00000400  __stack                         
0     003f84ba  __system_post_cinit             
0     003f84b8  __system_pre_init               
1     003f9120  __unlock                        
0     003f83b0  _abort                          
0     003f816b  _basic_keys_show                
0     003f835c  _c_int00                        
0     003f8402  _copy_in                        
0     003f8158  _delay                          
1     003f9122  _delay_count                    
0     003f83b2  _exit                           
0     003f81d5  _main                           
0     003f8467  _memcpy                         
0     003f8153  _rsvd_ISR                       
0     003f81bc  _yellow_keys_show               
abs   ffffffff  binit                           
0     003f84bb  cinit                           
1     003f9000  end                             
0     003f84bb  etext                           
abs   ffffffff  pinit                           


GLOBAL SYMBOLS: SORTED BY Symbol Address 

page  address   name                            
----  -------   ----                            
0     003f8000  .text                           
0     003f8000  _INT13_ISR                      
0     003f8000  ___text__                       
0     003f8005  _INT14_ISR                      
0     003f800a  _NMI_ISR                        
0     003f800f  _XINT1_ISR                      
0     003f8014  _XINT2_ISR                      
0     003f8019  _DATALOG_ISR                    
0     003f801e  _RTOSINT_ISR                    
0     003f8023  _EMUINT_ISR                     
0     003f8028  _ILLEGAL_ISR                    
0     003f802d  _USER0_ISR                      
0     003f8032  _USER1_ISR                      
0     003f8037  _USER2_ISR                      
0     003f803c  _USER3_ISR                      
0     003f8041  _USER4_ISR                      
0     003f8046  _USER5_ISR                      
0     003f804b  _USER6_ISR                      
0     003f8050  _USER7_ISR                      
0     003f8055  _USER8_ISR                      
0     003f805a  _USER9_ISR                      
0     003f805f  _USER10_ISR                     
0     003f8064  _USER11_ISR                     
0     003f8069  _ADCINT_ISR                     
0     003f806e  _TINT0_ISR                      
0     003f8081  _WAKEINT_ISR                    
0     003f8086  _PDPINTA_ISR                    
0     003f808b  _CMP1INT_ISR                    
0     003f8090  _CMP2INT_ISR                    
0     003f8095  _CMP3INT_ISR                    
0     003f809a  _T1PINT_ISR                     
0     003f809f  _T1CINT_ISR                     
0     003f80a4  _T1UFINT_ISR                    
0     003f80a9  _T1OFINT_ISR                    
0     003f80ae  _T2PINT_ISR                     
0     003f80b3  _T2CINT_ISR                     
0     003f80b8  _T2UFINT_ISR                    
0     003f80bd  _T2OFINT_ISR                    
0     003f80c2  _CAPINT1_ISR                    
0     003f80c7  _CAPINT2_ISR                    
0     003f80cc  _CAPINT3_ISR                    
0     003f80d1  _PDPINTB_ISR                    
0     003f80d6  _CMP4INT_ISR                    
0     003f80db  _CMP5INT_ISR                    
0     003f80e0  _CMP6INT_ISR                    
0     003f80e5  _T3PINT_ISR                     
0     003f80ea  _T3CINT_ISR                     
0     003f80ef  _T3UFINT_ISR                    
0     003f80f4  _T3OFINT_ISR                    
0     003f80f9  _T4PINT_ISR                     
0     003f80fe  _T4CINT_ISR                     
0     003f8103  _T4UFINT_ISR                    
0     003f8108  _T4OFINT_ISR                    
0     003f810d  _CAPINT4_ISR                    
0     003f8112  _CAPINT5_ISR                    
0     003f8117  _CAPINT6_ISR                    
0     003f811c  _MRINTA_ISR                     
0     003f8121  _MXINTA_ISR                     
0     003f8126  _SPIRXINTA_ISR                  
0     003f812b  _SPITXINTA_ISR                  
0     003f8130  _SCIRXINTA_ISR                  
0     003f8135  _SCITXINTA_ISR                  
0     003f813a  _SCIRXINTB_ISR                  
0     003f813f  _SCITXINTB_ISR                  
0     003f8144  _ECAN0INTA_ISR                  
0     003f8149  _ECAN1INTA_ISR                  
0     003f814e  _PIE_RESERVED                   
0     003f8153  _rsvd_ISR                       
0     003f8158  _delay                          
0     003f816b  _basic_keys_show                
0     003f81bc  _yellow_keys_show               
0     003f81d5  _main                           
0     003f8286  _InitCpuTimers                  
0     003f82c1  _ConfigCpuTimer                 
0     003f8302  FS$$MPY                         
0     003f835c  _c_int00                        
0     003f83b0  C$$EXIT                         
0     003f83b0  _abort                          
0     003f83b2  _exit                           
0     003f83d9  FS$$TOL                         
0     003f8402  _copy_in                        
0     003f8426  _InitPieCtrl                    
0     003f8447  _InitPieVectTable               
0     003f8467  _memcpy                         
0     003f8484  _InitSysCtrl                    
0     003f849e  __args_main                     
0     003f84af  __register_unlock               
0     003f84b3  __register_lock                 
0     003f84b7  __nop                           
0     003f84b8  __system_pre_init               
0     003f84ba  __system_post_cinit             
0     003f84bb  ___cinit__                      
0     003f84bb  ___etext__                      
0     003f84bb  cinit                           
0     003f84bb  etext                           
1     00000400  __stack                         
1     00000800  __STACK_END                     
1     00000880  _DevEmuRegs                     
1     00000a80  _FlashRegs                      
1     00000ae0  _CsmRegs                        
1     00000b20  _XintfRegs                      
1     00000c00  _CpuTimer0Regs                  
1     00000c08  _CpuTimer1Regs                  
1     00000c10  _CpuTimer2Regs                  
1     00000ce0  _PieCtrl                        
1     00000d00  _PieVectTable                   
1     00006000  _ECanaRegs                      
1     00006100  _ECanaMboxes                    
1     00007010  _SysCtrlRegs                    
1     00007040  _SpiaRegs                       
1     00007050  _SciaRegs                       
1     00007070  _XIntruptRegs                   
1     000070c0  _GpioMuxRegs                    
1     000070e0  _GpioDataRegs                   
1     00007100  _AdcRegs                        
1     00007400  _EvaRegs                        
1     00007500  _EvbRegs                        
1     00007750  _ScibRegs                       
1     00007800  _McbspaRegs                     
1     003f7ff8  _CsmPwl                         
1     003f9000  .bss                            
1     003f9000  _PieVectTableInit               
1     003f9000  ___bss__                        
1     003f9000  ___end__                        
1     003f9000  end                             
1     003f9100  _CpuTimer0                      
1     003f9108  _CpuTimer1                      
1     003f9110  _CpuTimer2                      
1     003f9118  ___TI_enable_exit_profile_output
1     003f911a  ___TI_cleanup_ptr               
1     003f911c  ___TI_dtors_ptr                 
1     003f911e  __lock                          
1     003f9120  __unlock                        
1     003f9122  _delay_count                    
abs   00000400  __STACK_SIZE                    
abs   ffffffff  ___TI_pprof_out_hndl            
abs   ffffffff  ___TI_prof_data_size            
abs   ffffffff  ___TI_prof_data_start           
abs   ffffffff  ___binit__                      
abs   ffffffff  ___c_args__                     
abs   ffffffff  ___pinit__                      
abs   ffffffff  binit                           
abs   ffffffff  pinit                           

[143 symbols]
